ASxxxx Linker V03.00 + NoICE + sdld,  page 1.
Hexadecimal  [32-Bits]

Area                                    Addr        Size        Decimal Bytes (Attributes)
--------------------------------        ----        ----        ------- ----- ------------
CABS                                00000000    00000000 =           0. bytes (ABS,CON,CODE)

      Value  Global                              Global Defined In Module
      -----  --------------------------------   ------------------------
C:   00000000  l_BIT_BANK                      
C:   00000000  l_BSEG                          
C:   00000000  l_BSEG_BYTES                    
C:   00000000  l_CABS                          
C:   00000000  l_CONST                         
C:   00000000  l_GSINIT                        
C:   00000000  l_GSINIT1                       
C:   00000000  l_GSINIT5                       
C:   00000000  l_IABS                          
C:   00000000  l_ISEG                          
C:   00000000  l_OSEG                          
C:   00000000  l_PSEG                          
C:   00000000  l_REG_BANK_1                    
C:   00000000  l_REG_BANK_2                    
C:   00000000  l_REG_BANK_3                    
C:   00000000  l_RSEG                          
C:   00000000  l_RSEG0                         
C:   00000000  l_RSEG1                         
C:   00000000  l_XABS                          
C:   00000000  l_XINIT                         
C:   00000000  l_XISEG                         
C:   00000000  l__CODE                         
C:   00000000  s_BSEG                          
C:   00000000  s_CABS                          
C:   00000000  s_DSEG                          
C:   00000000  s_IABS                          
C:   00000000  s_ISEG                          
C:   00000000  s_REG_BANK_0                    
C:   00000000  s_RSEG                          
C:   00000000  s_RSEG0                         
C:   00000000  s_RSEG1                         
C:   00000000  s_XABS                          
C:   00000003  l_GSFINAL                       
C:   00000003  l_GSINIT0                       
C:   00000005  s_PSEG                          
C:   00000005  s_XSEG                          
C:   00000006  l_HOME                          
C:   00000008  l_REG_BANK_0                    
C:   00000008  s_REG_BANK_1                    
C:   00000008  s_SSEG                          
C:   0000000A  l_GSINIT2                       
C:   0000000D  l_XSEG                          
C:   00000010  s_REG_BANK_2                    
C:   00000012  s_XISEG                         
C:   00000018  s_BIT_BANK                      
C:   00000018  s_OSEG                          
C:   00000018  s_REG_BANK_3                    
C:   00000020  s_BSEG_BYTES                    
C:   00000020  s__CODE                         
C:   00000022  l_GSINIT3                       
ASxxxx Linker V03.00 + NoICE + sdld,  page 2.
Hexadecimal  [32-Bits]

Area                                    Addr        Size        Decimal Bytes (Attributes)
--------------------------------        ----        ----        ------- ----- ------------
CABS                                00000000    00000000 =           0. bytes (ABS,CON,CODE)

      Value  Global                              Global Defined In Module
      -----  --------------------------------   ------------------------
C:   0000002A  l_GSINIT4                       
C:   00000080  l_DSEG                          
C:   000000F8  l_SSEG                          
C:   00000100  l_IRAM                          
C:   00000311  l_CSEG                          
C:   00006000  s_HOME                          
C:   00006006  s_GSINIT0                       
C:   00006009  s_GSINIT1                       
C:   00006009  s_GSINIT2                       
C:   00006013  s_GSINIT3                       
C:   00006035  s_GSINIT4                       
C:   0000605F  s_GSFINAL                       
C:   0000605F  s_GSINIT                        
C:   0000605F  s_GSINIT5                       
C:   00006062  s_CSEG                          
C:   00006373  s_CONST                         
C:   00006373  s_XINIT                         

ASxxxx Linker V03.00 + NoICE + sdld,  page 3.
Hexadecimal  [32-Bits]

Area                                    Addr        Size        Decimal Bytes (Attributes)
--------------------------------        ----        ----        ------- ----- ------------
.  .ABS.                            00000000    00000000 =           0. bytes (ABS,CON)

      Value  Global                              Global Defined In Module
      -----  --------------------------------   ------------------------
     00000000  .__.ABS.                           _gptrget
     00000080  _P0                                WritetoLEDMatrix
     00000080  _P0_0                              WritetoLEDMatrix
     00000081  _P0_1                              WritetoLEDMatrix
     00000081  _SP                                WritetoLEDMatrix
     00000082  _DP0L                              WritetoLEDMatrix
     00000082  _DPL                               WritetoLEDMatrix
     00000082  _P0_2                              WritetoLEDMatrix
     00000083  _DP0H                              WritetoLEDMatrix
     00000083  _DPH                               WritetoLEDMatrix
     00000083  _P0_3                              WritetoLEDMatrix
     00000084  _P0_4                              WritetoLEDMatrix
     00000085  _P0_5                              WritetoLEDMatrix
     00000086  _P0_6                              WritetoLEDMatrix
     00000087  _P0_7                              WritetoLEDMatrix
     00000087  _PCON                              WritetoLEDMatrix
     00000088  _IT0                               WritetoLEDMatrix
     00000088  _TCON                              WritetoLEDMatrix
     00000089  _IE0                               WritetoLEDMatrix
     00000089  _TMOD                              WritetoLEDMatrix
     0000008A  _IT1                               WritetoLEDMatrix
     0000008A  _TL0                               WritetoLEDMatrix
     0000008B  _IE1                               WritetoLEDMatrix
     0000008B  _TL1                               WritetoLEDMatrix
     0000008C  _TH0                               WritetoLEDMatrix
     0000008C  _TR0                               WritetoLEDMatrix
     0000008D  _TF0                               WritetoLEDMatrix
     0000008D  _TH1                               WritetoLEDMatrix
     0000008E  _AUXR                              WritetoLEDMatrix
     0000008E  _TR1                               WritetoLEDMatrix
     0000008F  _CKCON0                            WritetoLEDMatrix
     0000008F  _TF1                               WritetoLEDMatrix
     00000090  _P1                                WritetoLEDMatrix
     00000090  _P1_0                              WritetoLEDMatrix
     00000091  _P1_1                              WritetoLEDMatrix
     00000092  _P1_2                              WritetoLEDMatrix
     00000093  _P1_3                              WritetoLEDMatrix
     00000094  _P1_4                              WritetoLEDMatrix
     00000095  _P1_5                              WritetoLEDMatrix
     00000096  _P1_6                              WritetoLEDMatrix
     00000097  _CKRL                              WritetoLEDMatrix
     00000097  _P1_7                              WritetoLEDMatrix
     00000098  _RI                                WritetoLEDMatrix
     00000098  _SCON                              WritetoLEDMatrix
     00000099  _SBUF                              WritetoLEDMatrix
     00000099  _SBUF0                             WritetoLEDMatrix
     00000099  _TI                                WritetoLEDMatrix
     0000009A  _BRL                               WritetoLEDMatrix
     0000009A  _RB8                               WritetoLEDMatrix
     0000009B  _BDRCON                            WritetoLEDMatrix
ASxxxx Linker V03.00 + NoICE + sdld,  page 4.
Hexadecimal  [32-Bits]

Area                                    Addr        Size        Decimal Bytes (Attributes)
--------------------------------        ----        ----        ------- ----- ------------
.  .ABS.                            00000000    00000000 =           0. bytes (ABS,CON)

      Value  Global                              Global Defined In Module
      -----  --------------------------------   ------------------------
     0000009B  _TB8                               WritetoLEDMatrix
     0000009C  _KBLS                              WritetoLEDMatrix
     0000009C  _REN                               WritetoLEDMatrix
     0000009D  _KBE                               WritetoLEDMatrix
     0000009D  _SM2                               WritetoLEDMatrix
     0000009E  _KBF                               WritetoLEDMatrix
     0000009E  _SM1                               WritetoLEDMatrix
     0000009F  _SM0                               WritetoLEDMatrix
     000000A0  _P2                                WritetoLEDMatrix
     000000A0  _P2_0                              WritetoLEDMatrix
     000000A0  __XPAGE                            
     000000A1  _P2_1                              WritetoLEDMatrix
     000000A2  _AUXR1                             WritetoLEDMatrix
     000000A2  _P2_2                              WritetoLEDMatrix
     000000A3  _P2_3                              WritetoLEDMatrix
     000000A4  _P2_4                              WritetoLEDMatrix
     000000A5  _P2_5                              WritetoLEDMatrix
     000000A6  _P2_6                              WritetoLEDMatrix
     000000A6  _WDTRST                            WritetoLEDMatrix
     000000A7  _P2_7                              WritetoLEDMatrix
     000000A7  _WDTPRG                            WritetoLEDMatrix
     000000A8  _EX0                               WritetoLEDMatrix
     000000A8  _IE                                WritetoLEDMatrix
     000000A8  _IEN0                              WritetoLEDMatrix
     000000A9  _ET0                               WritetoLEDMatrix
     000000A9  _SADDR                             WritetoLEDMatrix
     000000AA  _EX1                               WritetoLEDMatrix
     000000AB  _ET1                               WritetoLEDMatrix
     000000AC  _ES                                WritetoLEDMatrix
     000000AD  _ET2                               WritetoLEDMatrix
     000000AE  _EC                                WritetoLEDMatrix
     000000AF  _CKCON1                            WritetoLEDMatrix
     000000AF  _EA                                WritetoLEDMatrix
     000000B0  _P3                                WritetoLEDMatrix
     000000B0  _P3_0                              WritetoLEDMatrix
     000000B0  _RXD                               WritetoLEDMatrix
     000000B0  _RXD0                              WritetoLEDMatrix
     000000B1  _IEN1                              WritetoLEDMatrix
     000000B1  _P3_1                              WritetoLEDMatrix
     000000B1  _TXD                               WritetoLEDMatrix
     000000B1  _TXD0                              WritetoLEDMatrix
     000000B2  _INT0                              WritetoLEDMatrix
     000000B2  _IPL1                              WritetoLEDMatrix
     000000B2  _P3_2                              WritetoLEDMatrix
     000000B3  _INT1                              WritetoLEDMatrix
     000000B3  _IPH1                              WritetoLEDMatrix
     000000B3  _P3_3                              WritetoLEDMatrix
     000000B4  _P3_4                              WritetoLEDMatrix
     000000B4  _T0                                WritetoLEDMatrix
     000000B5  _P3_5                              WritetoLEDMatrix
     000000B5  _T1                                WritetoLEDMatrix
ASxxxx Linker V03.00 + NoICE + sdld,  page 5.
Hexadecimal  [32-Bits]

Area                                    Addr        Size        Decimal Bytes (Attributes)
--------------------------------        ----        ----        ------- ----- ------------
.  .ABS.                            00000000    00000000 =           0. bytes (ABS,CON)

      Value  Global                              Global Defined In Module
      -----  --------------------------------   ------------------------
     000000B6  _P3_6                              WritetoLEDMatrix
     000000B6  _WR                                WritetoLEDMatrix
     000000B7  _IPH0                              WritetoLEDMatrix
     000000B7  _P3_7                              WritetoLEDMatrix
     000000B7  _RD                                WritetoLEDMatrix
     000000B8  _IP                                WritetoLEDMatrix
     000000B8  _IPL0                              WritetoLEDMatrix
     000000B8  _PX0                               WritetoLEDMatrix
     000000B8  _PX0L                              WritetoLEDMatrix
     000000B9  _PT0                               WritetoLEDMatrix
     000000B9  _PT0L                              WritetoLEDMatrix
     000000B9  _SADEN                             WritetoLEDMatrix
     000000BA  _PX1                               WritetoLEDMatrix
     000000BA  _PX1L                              WritetoLEDMatrix
     000000BB  _PT1                               WritetoLEDMatrix
     000000BB  _PT1L                              WritetoLEDMatrix
     000000BC  _PS                                WritetoLEDMatrix
     000000BC  _PSL                               WritetoLEDMatrix
     000000BD  _PT2                               WritetoLEDMatrix
     000000BD  _PT2L                              WritetoLEDMatrix
     000000BE  _PPCL                              WritetoLEDMatrix
     000000C0  _P4                                WritetoLEDMatrix
     000000C0  _P4_0                              WritetoLEDMatrix
     000000C1  _P4_1                              WritetoLEDMatrix
     000000C2  _P4_2                              WritetoLEDMatrix
     000000C3  _P4_3                              WritetoLEDMatrix
     000000C3  _SPCON                             WritetoLEDMatrix
     000000C4  _P4_4                              WritetoLEDMatrix
     000000C4  _SPSTA                             WritetoLEDMatrix
     000000C5  _P4_5                              WritetoLEDMatrix
     000000C5  _SPDAT                             WritetoLEDMatrix
     000000C6  _P4_6                              WritetoLEDMatrix
     000000C7  _P4_7                              WritetoLEDMatrix
     000000C8  _CP_RL2                            WritetoLEDMatrix
     000000C8  _T2CON                             WritetoLEDMatrix
     000000C8  _T2CON_0                           WritetoLEDMatrix
     000000C9  _C_T2                              WritetoLEDMatrix
     000000C9  _T2CON_1                           WritetoLEDMatrix
     000000C9  _T2MOD                             WritetoLEDMatrix
     000000CA  _RCAP2L                            WritetoLEDMatrix
     000000CA  _T2CON_2                           WritetoLEDMatrix
     000000CA  _TR2                               WritetoLEDMatrix
     000000CB  _EXEN2                             WritetoLEDMatrix
     000000CB  _RCAP2H                            WritetoLEDMatrix
     000000CB  _T2CON_3                           WritetoLEDMatrix
     000000CC  _T2CON_4                           WritetoLEDMatrix
     000000CC  _TCLK                              WritetoLEDMatrix
     000000CC  _TL2                               WritetoLEDMatrix
     000000CD  _RCLK                              WritetoLEDMatrix
     000000CD  _T2CON_5                           WritetoLEDMatrix
     000000CD  _TH2                               WritetoLEDMatrix
ASxxxx Linker V03.00 + NoICE + sdld,  page 6.
Hexadecimal  [32-Bits]

Area                                    Addr        Size        Decimal Bytes (Attributes)
--------------------------------        ----        ----        ------- ----- ------------
.  .ABS.                            00000000    00000000 =           0. bytes (ABS,CON)

      Value  Global                              Global Defined In Module
      -----  --------------------------------   ------------------------
     000000CE  _EXF2                              WritetoLEDMatrix
     000000CE  _T2CON_6                           WritetoLEDMatrix
     000000CF  _T2CON_7                           WritetoLEDMatrix
     000000CF  _TF2                               WritetoLEDMatrix
     000000D0  _P                                 WritetoLEDMatrix
     000000D0  _PSW                               WritetoLEDMatrix
     000000D1  _F1                                WritetoLEDMatrix
     000000D2  _EECON                             WritetoLEDMatrix
     000000D2  _OV                                WritetoLEDMatrix
     000000D3  _RS0                               WritetoLEDMatrix
     000000D4  _RS1                               WritetoLEDMatrix
     000000D5  _F0                                WritetoLEDMatrix
     000000D6  _AC                                WritetoLEDMatrix
     000000D7  _CY                                WritetoLEDMatrix
     000000D8  _CCF0                              WritetoLEDMatrix
     000000D8  _CCON                              WritetoLEDMatrix
     000000D9  _CCF1                              WritetoLEDMatrix
     000000D9  _CMOD                              WritetoLEDMatrix
     000000DA  _CCAPM0                            WritetoLEDMatrix
     000000DA  _CCF2                              WritetoLEDMatrix
     000000DB  _CCAPM1                            WritetoLEDMatrix
     000000DB  _CCF3                              WritetoLEDMatrix
     000000DC  _CCAPM2                            WritetoLEDMatrix
     000000DC  _CCF4                              WritetoLEDMatrix
     000000DD  _CCAPM3                            WritetoLEDMatrix
     000000DE  _CCAPM4                            WritetoLEDMatrix
     000000DE  _CR                                WritetoLEDMatrix
     000000DF  _CF                                WritetoLEDMatrix
     000000E0  _ACC                               WritetoLEDMatrix
     000000E8  _P5                                WritetoLEDMatrix
     000000E8  _P5_0                              WritetoLEDMatrix
     000000E9  _CL                                WritetoLEDMatrix
     000000E9  _P5_1                              WritetoLEDMatrix
     000000EA  _CCAP0L                            WritetoLEDMatrix
     000000EA  _P5_2                              WritetoLEDMatrix
     000000EB  _CCAP1L                            WritetoLEDMatrix
     000000EB  _P5_3                              WritetoLEDMatrix
     000000EC  _CCAP2L                            WritetoLEDMatrix
     000000EC  _P5_4                              WritetoLEDMatrix
     000000ED  _CCAP3L                            WritetoLEDMatrix
     000000ED  _P5_5                              WritetoLEDMatrix
     000000EE  _CCAP4L                            WritetoLEDMatrix
     000000EE  _P5_6                              WritetoLEDMatrix
     000000EF  _P5_7                              WritetoLEDMatrix
     000000F0  _B                                 WritetoLEDMatrix
     000000F0  _BREG_F0                           WritetoLEDMatrix
     000000F1  _BREG_F1                           WritetoLEDMatrix
     000000F2  _BREG_F2                           WritetoLEDMatrix
     000000F3  _BREG_F3                           WritetoLEDMatrix
     000000F4  _BREG_F4                           WritetoLEDMatrix
     000000F5  _BREG_F5                           WritetoLEDMatrix
ASxxxx Linker V03.00 + NoICE + sdld,  page 7.
Hexadecimal  [32-Bits]

Area                                    Addr        Size        Decimal Bytes (Attributes)
--------------------------------        ----        ----        ------- ----- ------------
.  .ABS.                            00000000    00000000 =           0. bytes (ABS,CON)

      Value  Global                              Global Defined In Module
      -----  --------------------------------   ------------------------
     000000F5  _B_5                               _gptrget
     000000F6  _BREG_F6                           WritetoLEDMatrix
     000000F6  _B_6                               _gptrget
     000000F7  _BREG_F7                           WritetoLEDMatrix
     000000F7  _B_7                               _gptrget
     000000F9  _CH                                WritetoLEDMatrix
     000000FA  _CCAP0H                            WritetoLEDMatrix
     000000FB  _CCAP1H                            WritetoLEDMatrix
     000000FC  _CCAP2H                            WritetoLEDMatrix
     000000FD  _CCAP3H                            WritetoLEDMatrix
     000000FE  _CCAP4H                            WritetoLEDMatrix

ASxxxx Linker V03.00 + NoICE + sdld,  page 8.
Hexadecimal  [32-Bits]

Area                                    Addr        Size        Decimal Bytes (Attributes)
--------------------------------        ----        ----        ------- ----- ------------
REG_BANK_0                          00000000    00000008 =           8. bytes (REL,OVR)

      Value  Global                              Global Defined In Module
      -----  --------------------------------   ------------------------
ASxxxx Linker V03.00 + NoICE + sdld,  page 9.
Hexadecimal  [32-Bits]

Area                                    Addr        Size        Decimal Bytes (Attributes)
--------------------------------        ----        ----        ------- ----- ------------
DSEG                                00000000    00000080 =         128. bytes (REL,CON)

      Value  Global                              Global Defined In Module
      -----  --------------------------------   ------------------------
ASxxxx Linker V03.00 + NoICE + sdld,  page 10.
Hexadecimal  [32-Bits]

Area                                    Addr        Size        Decimal Bytes (Attributes)
--------------------------------        ----        ----        ------- ----- ------------
SSEG                                00000008    000000F8 =         248. bytes (REL,OVR)

      Value  Global                              Global Defined In Module
      -----  --------------------------------   ------------------------
     00000008  __start__stack                     main

ASxxxx Linker V03.00 + NoICE + sdld,  page 11.
Hexadecimal  [32-Bits]

Area                                    Addr        Size        Decimal Bytes (Attributes)
--------------------------------        ----        ----        ------- ----- ------------
XSEG                                00000005    0000000D =          13. bytes (REL,CON,XDATA)

      Value  Global                              Global Defined In Module
      -----  --------------------------------   ------------------------
ASxxxx Linker V03.00 + NoICE + sdld,  page 12.
Hexadecimal  [32-Bits]

Area                                    Addr        Size        Decimal Bytes (Attributes)
--------------------------------        ----        ----        ------- ----- ------------
HOME                                00006000    00000006 =           6. bytes (REL,CON,CODE)

      Value  Global                              Global Defined In Module
      -----  --------------------------------   ------------------------
C:   00006003  __sdcc_program_startup             main

ASxxxx Linker V03.00 + NoICE + sdld,  page 13.
Hexadecimal  [32-Bits]

Area                                    Addr        Size        Decimal Bytes (Attributes)
--------------------------------        ----        ----        ------- ----- ------------
GSINIT0                             00006006    00000003 =           3. bytes (REL,CON,CODE)

      Value  Global                              Global Defined In Module
      -----  --------------------------------   ------------------------
C:   00006006  __sdcc_gsinit_startup              

ASxxxx Linker V03.00 + NoICE + sdld,  page 14.
Hexadecimal  [32-Bits]

Area                                    Addr        Size        Decimal Bytes (Attributes)
--------------------------------        ----        ----        ------- ----- ------------
GSINIT2                             00006009    0000000A =          10. bytes (REL,CON,CODE)

      Value  Global                              Global Defined In Module
      -----  --------------------------------   ------------------------
ASxxxx Linker V03.00 + NoICE + sdld,  page 15.
Hexadecimal  [32-Bits]

Area                                    Addr        Size        Decimal Bytes (Attributes)
--------------------------------        ----        ----        ------- ----- ------------
GSINIT3                             00006013    00000022 =          34. bytes (REL,CON,CODE)

      Value  Global                              Global Defined In Module
      -----  --------------------------------   ------------------------
C:   00006013  __mcs51_genXINIT                   

ASxxxx Linker V03.00 + NoICE + sdld,  page 16.
Hexadecimal  [32-Bits]

Area                                    Addr        Size        Decimal Bytes (Attributes)
--------------------------------        ----        ----        ------- ----- ------------
GSINIT4                             00006035    0000002A =          42. bytes (REL,CON,CODE)

      Value  Global                              Global Defined In Module
      -----  --------------------------------   ------------------------
C:   00006035  __mcs51_genRAMCLEAR                
C:   0000603B  __mcs51_genXRAMCLEAR               

ASxxxx Linker V03.00 + NoICE + sdld,  page 17.
Hexadecimal  [32-Bits]

Area                                    Addr        Size        Decimal Bytes (Attributes)
--------------------------------        ----        ----        ------- ----- ------------
GSFINAL                             0000605F    00000003 =           3. bytes (REL,CON,CODE)

      Value  Global                              Global Defined In Module
      -----  --------------------------------   ------------------------
ASxxxx Linker V03.00 + NoICE + sdld,  page 18.
Hexadecimal  [32-Bits]

Area                                    Addr        Size        Decimal Bytes (Attributes)
--------------------------------        ----        ----        ------- ----- ------------
CSEG                                00006062    00000311 =         785. bytes (REL,CON,CODE)

      Value  Global                              Global Defined In Module
      -----  --------------------------------   ------------------------
C:   00006062  _i2c_init                          i2c
C:   00006067  _i2c_start                         i2c
C:   00006079  _i2c_Restart                       i2c
C:   00006099  _i2c_stop                          i2c
C:   000060B9  _i2c_write                         i2c
C:   00006115  _i2c_read                          i2c
C:   00006168  _delay                             i2c
C:   00006196  __sdcc_external_startup            main
C:   0000619D  _Init_UART                         main
C:   000061A9  _main                              main
C:   0000623A  _putchar                           uart
C:   00006259  _getchar                           uart
C:   00006267  _putstr                            uart
C:   000062DD  _echo                              uart
C:   00006300  _writeToIOExpander                 WritetoLEDMatrix
C:   0000633A  _writeToDecoder                    WritetoLEDMatrix
C:   00006357  __gptrget                          _gptrget

ASxxxx Linker V03.00 + NoICE + sdld,  page 19.

Files Linked                              [ module(s) ]

obj\Release\i2c.rel                       [  ]
obj\Release\main.rel                      [  ]
obj\Release\uart.rel                      [  ]
obj\Release\WritetoLEDMatrix.rel          [  ]


Libraries Linked                          [ object file ]

C:\Program Files\SDCC\bin\..\lib\large/mcs51.lib
                                          [ crtclear.rel ]
C:\Program Files\SDCC\bin\..\lib\large/mcs51.lib
                                          [ crtxinit.rel ]
C:\Program Files\SDCC\bin\..\lib\large/mcs51.lib
                                          [ crtxclear.rel ]
C:\Program Files\SDCC\bin\..\lib\large/mcs51.lib
                                          [ crtpagesfr.rel ]
C:\Program Files\SDCC\bin\..\lib\large/mcs51.lib
                                          [ crtstart.rel ]
C:\Program Files\SDCC\bin\..\lib\large/libsdcc.lib
                                          [ _gptrget.rel ]

ASxxxx Linker V03.00 + NoICE + sdld,  page 20.

User Base Address Definitions

HOME = 0x6000
XSEG = 0x0005
PSEG = 0x0005
ISEG = 0x0000
BSEG = 0x0000

